// Bun Snapshot v1, https://goo.gl/fbAQLP

exports[`tool.ls basic 1`] = `
"- /home/thdxr/dev/projects/sst/opencode/js/example/
  - home/
    - thdxr/
      - dev/
        - projects/
          - sst/
            - opencode/
              - js/
                - example/
                  - ink.tsx
                  - broken.ts
                  - cli.ts
"
`;
